
================================================================================
DATE    : 2026-07-27 12:11:27
LEVEL   : JSON
TITLE   : BOT UPDATE RAW
IP      : 91.108.5.56
METHOD  : POST
URI     : /ontheball/bot.php
MEMORY  : 2 MB

--------------------------------------------------------------------------------
{"update_id":538018311,
"message":{"message_id":5604,"from":{"id":662767623,"is_bot":false,"first_name":"Dami\u00e1n","username":"PerezDamian","language_code":"es"},"chat":{"id":662767623,"first_name":"Dami\u00e1n","username":"PerezDamian","type":"private"},"date":1785165087,"web_app_data":{"button_text":"\ud83d\ude80 Abrir Studio","data":"{\"time\":\"2026-07-27T15:11:27.648Z\",\"telegram\":{\"id\":null,\"username\":\"\",\"first_name\":\"\",\"last_name\":\"\",\"language\":\"\"},\"form\":{\"nombre\":\"dd\",\"mensaje\":\"gg\"},\"origin\":\"sendData\"}"}}}
================================================================================
================================================================================
DATE    : 2026-07-27 12:11:27
LEVEL   : JSON
TITLE   : UPDATE
IP      : 91.108.5.56
METHOD  : POST
URI     : /ontheball/bot.php
MEMORY  : 2 MB
--------------------------------------------------------------------------------
{
    "update_id": 538018311,
    "message": {
        "message_id": 5604,
        "from": {
            "id": 662767623,
            "is_bot": false,
            "first_name": "Damián",
            "username": "PerezDamian",
            "language_code": "es"
        },
        "chat": {
            "id": 662767623,
            "first_name": "Damián",
            "username": "PerezDamian",
            "type": "private"
        },
        "date": 1785165087,
        "web_app_data": {
            "button_text": "🚀 Abrir Studio",
            "data": "{\"time\":\"2026-07-27T15:11:27.648Z\",\"telegram\":{\"id\":null,\"username\":\"\",\"first_name\":\"\",\"last_name\":\"\",\"language\":\"\"},\"form\":{\"nombre\":\"dd\",\"mensaje\":\"gg\"},\"origin\":\"sendData\"}"
        }
    }
}
================================================================================

================================================================================
DATE    : 2026-07-27 12:11:27
LEVEL   : JSON
TITLE   : SEND_DATA recibido
IP      : 91.108.5.56
METHOD  : POST
URI     : /ontheball/bot.php
MEMORY  : 2 MB
--------------------------------------------------------------------------------
{
    "time": "2026-07-27T15:11:27.648Z",
    "telegram": {
        "id": null,
        "username": "",
        "first_name": "",
        "last_name": "",
        "language": ""
    },
    "form": {
        "nombre": "dd",
        "mensaje": "gg"
    },
    "origin": "sendData"
}
================================================================================

================================================================================
DATE    : 2026-07-27 12:11:28
LEVEL   : JSON
TITLE   : SEND_DATA recibido
IP      : 91.108.5.56
METHOD  : POST
URI     : /ontheball/bot.php
MEMORY  : 2 MB
--------------------------------------------------------------------------------
{
    "time": "2026-07-27T15:11:27.648Z",
    "telegram": {
        "id": null,
        "username": "",
        "first_name": "",
        "last_name": "",
        "language": ""
    },
    "form": {
        "nombre": "dd",
        "mensaje": "gg"
    },
    "origin": "sendData"
}
================================================================================

================================================================================
DATE    : 2026-07-27 12:11:28
LEVEL   : INFO
TITLE   : Mensaje BOT
IP      : 91.108.5.56
METHOD  : POST
URI     : /ontheball/bot.php
MEMORY  : 2 MB
--------------------------------------------------------------------------------
{
    "message_id": 5604,
    "from": {
        "id": 662767623,
        "is_bot": false,
        "first_name": "Damián",
        "username": "PerezDamian",
        "language_code": "es"
    },
    "chat": {
        "id": 662767623,
        "first_name": "Damián",
        "username": "PerezDamian",
        "type": "private"
    },
    "date": 1785165087,
    "web_app_data": {
        "button_text": "🚀 Abrir Studio",
        "data": "{\"time\":\"2026-07-27T15:11:27.648Z\",\"telegram\":{\"id\":null,\"username\":\"\",\"first_name\":\"\",\"last_name\":\"\",\"language\":\"\"},\"form\":{\"nombre\":\"dd\",\"mensaje\":\"gg\"},\"origin\":\"sendData\"}"
    }
}
================================================================================

================================================================================
DATE    : 2026-07-27 12:17:29
LEVEL   : JSON
TITLE   : BOT UPDATE RAW
IP      : 91.108.5.56
METHOD  : POST
URI     : /ontheball/bot.php
MEMORY  : 2 MB
--------------------------------------------------------------------------------
{"update_id":538018312,
"message":{"message_id":5606,"from":{"id":662767623,"is_bot":false,"first_name":"Dami\u00e1n","username":"PerezDamian","language_code":"es"},"chat":{"id":662767623,"first_name":"Dami\u00e1n","username":"PerezDamian","type":"private"},"date":1785165449,"web_app_data":{"button_text":"\ud83d\ude80 Abrir Studio","data":"{\"time\":\"2026-07-27T15:17:29.179Z\",\"telegram\":{\"id\":null,\"username\":\"\",\"first_name\":\"\",\"last_name\":\"\",\"language\":\"\"},\"form\":{\"nombre\":\"d\",\"mensaje\":\"d\"},\"origin\":\"sendData\"}"}}}
================================================================================

================================================================================
DATE    : 2026-07-27 12:17:29
LEVEL   : JSON
TITLE   : UPDATE
IP      : 91.108.5.56
METHOD  : POST
URI     : /ontheball/bot.php
MEMORY  : 2 MB
--------------------------------------------------------------------------------
{
    "update_id": 538018312,
    "message": {
        "message_id": 5606,
        "from": {
            "id": 662767623,
            "is_bot": false,
            "first_name": "Damián",
            "username": "PerezDamian",
            "language_code": "es"
        },
        "chat": {
            "id": 662767623,
            "first_name": "Damián",
            "username": "PerezDamian",
            "type": "private"
        },
        "date": 1785165449,
        "web_app_data": {
            "button_text": "🚀 Abrir Studio",
            "data": "{\"time\":\"2026-07-27T15:17:29.179Z\",\"telegram\":{\"id\":null,\"username\":\"\",\"first_name\":\"\",\"last_name\":\"\",\"language\":\"\"},\"form\":{\"nombre\":\"d\",\"mensaje\":\"d\"},\"origin\":\"sendData\"}"
        }
    }
}
================================================================================

================================================================================
DATE    : 2026-07-27 12:17:29
LEVEL   : JSON
TITLE   : SEND_DATA recibido
IP      : 91.108.5.56
METHOD  : POST
URI     : /ontheball/bot.php
MEMORY  : 2 MB
--------------------------------------------------------------------------------
{
    "time": "2026-07-27T15:17:29.179Z",
    "telegram": {
        "id": null,
        "username": "",
        "first_name": "",
        "last_name": "",
        "language": ""
    },
    "form": {
        "nombre": "d",
        "mensaje": "d"
    },
    "origin": "sendData"
}
================================================================================

================================================================================
DATE    : 2026-07-27 12:17:29
LEVEL   : JSON
TITLE   : SEND_DATA recibido
IP      : 91.108.5.56
METHOD  : POST
URI     : /ontheball/bot.php
MEMORY  : 2 MB
--------------------------------------------------------------------------------
{
    "time": "2026-07-27T15:17:29.179Z",
    "telegram": {
        "id": null,
        "username": "",
        "first_name": "",
        "last_name": "",
        "language": ""
    },
    "form": {
        "nombre": "d",
        "mensaje": "d"
    },
    "origin": "sendData"
}
================================================================================

================================================================================
DATE    : 2026-07-27 12:17:29
LEVEL   : INFO
TITLE   : Mensaje BOT
IP      : 91.108.5.56
METHOD  : POST
URI     : /ontheball/bot.php
MEMORY  : 2 MB
--------------------------------------------------------------------------------
{
    "message_id": 5606,
    "from": {
        "id": 662767623,
        "is_bot": false,
        "first_name": "Damián",
        "username": "PerezDamian",
        "language_code": "es"
    },
    "chat": {
        "id": 662767623,
        "first_name": "Damián",
        "username": "PerezDamian",
        "type": "private"
    },
    "date": 1785165449,
    "web_app_data": {
        "button_text": "🚀 Abrir Studio",
        "data": "{\"time\":\"2026-07-27T15:17:29.179Z\",\"telegram\":{\"id\":null,\"username\":\"\",\"first_name\":\"\",\"last_name\":\"\",\"language\":\"\"},\"form\":{\"nombre\":\"d\",\"mensaje\":\"d\"},\"origin\":\"sendData\"}"
    }
}
================================================================================
