
================================================================================
DATE    : 2026-07-24 11:32:14
LEVEL   : INFO
TITLE   : Sistema limpiado
IP      : 186.23.22.56
METHOD  : POST
URI     : /ontheball/clear.php
MEMORY  : 2 MB
--------------------------------------------------------------------------------
[
    "\/opt\/bitnami\/apps\/bots\/ontheball\/logs\/bot.log",
    "\/opt\/bitnami\/apps\/bots\/ontheball\/logs\/post.log",
    "\/opt\/bitnami\/apps\/bots\/ontheball\/logs\/telegram.log",
    "\/opt\/bitnami\/apps\/bots\/ontheball\/logs\/error.log"
]
================================================================================

================================================================================
DATE    : 2026-07-24 11:32:22
LEVEL   : INFO
TITLE   : Consultar estado
IP      : 186.23.22.56
METHOD  : POST
URI     : /ontheball/estado.php
MEMORY  : 2 MB
--------------------------------------------------------------------------------
================================================================================

================================================================================
DATE    : 2026-07-24 11:32:47
LEVEL   : INFO
TITLE   : Consultar estado
IP      : 186.23.22.56
METHOD  : POST
URI     : /ontheball/estado.php
MEMORY  : 2 MB
--------------------------------------------------------------------------------
================================================================================

================================================================================
DATE    : 2026-07-24 11:33:12
LEVEL   : INFO
TITLE   : Consultar estado
IP      : 186.23.22.56
METHOD  : POST
URI     : /ontheball/estado.php
MEMORY  : 2 MB
--------------------------------------------------------------------------------
================================================================================

================================================================================
DATE    : 2026-07-24 11:33:15
LEVEL   : INFO
TITLE   : Consultar estado
IP      : 186.23.22.56
METHOD  : POST
URI     : /ontheball/estado.php
MEMORY  : 2 MB
--------------------------------------------------------------------------------
================================================================================

================================================================================
DATE    : 2026-07-24 11:33:37
LEVEL   : INFO
TITLE   : Consultar estado
IP      : 186.23.22.56
METHOD  : POST
URI     : /ontheball/estado.php
MEMORY  : 2 MB
--------------------------------------------------------------------------------
================================================================================

================================================================================
DATE    : 2026-07-24 11:33:40
LEVEL   : INFO
TITLE   : Consultar estado
IP      : 186.23.22.56
METHOD  : POST
URI     : /ontheball/estado.php
MEMORY  : 2 MB
--------------------------------------------------------------------------------
================================================================================

================================================================================
DATE    : 2026-07-24 11:34:02
LEVEL   : INFO
TITLE   : Consultar estado
IP      : 186.23.22.56
METHOD  : POST
URI     : /ontheball/estado.php
MEMORY  : 2 MB
--------------------------------------------------------------------------------
================================================================================

================================================================================
DATE    : 2026-07-24 11:34:27
LEVEL   : INFO
TITLE   : Consultar estado
IP      : 186.23.22.56
METHOD  : POST
URI     : /ontheball/estado.php
MEMORY  : 2 MB
--------------------------------------------------------------------------------
================================================================================

================================================================================
DATE    : 2026-07-24 11:34:52
LEVEL   : INFO
TITLE   : Consultar estado
IP      : 186.23.22.56
METHOD  : POST
URI     : /ontheball/estado.php
MEMORY  : 2 MB
--------------------------------------------------------------------------------
================================================================================

================================================================================
DATE    : 2026-07-24 11:35:17
LEVEL   : INFO
TITLE   : Consultar estado
IP      : 186.23.22.56
METHOD  : POST
URI     : /ontheball/estado.php
MEMORY  : 2 MB
--------------------------------------------------------------------------------
================================================================================

================================================================================
DATE    : 2026-07-24 11:35:42
LEVEL   : INFO
TITLE   : Consultar estado
IP      : 186.23.22.56
METHOD  : POST
URI     : /ontheball/estado.php
MEMORY  : 2 MB
--------------------------------------------------------------------------------
================================================================================

================================================================================
DATE    : 2026-07-24 11:36:07
LEVEL   : INFO
TITLE   : Consultar estado
IP      : 186.23.22.56
METHOD  : POST
URI     : /ontheball/estado.php
MEMORY  : 2 MB
--------------------------------------------------------------------------------
================================================================================

================================================================================
DATE    : 2026-07-24 11:36:32
LEVEL   : INFO
TITLE   : Consultar estado
IP      : 186.23.22.56
METHOD  : POST
URI     : /ontheball/estado.php
MEMORY  : 2 MB
--------------------------------------------------------------------------------
================================================================================

================================================================================
DATE    : 2026-07-24 11:36:57
LEVEL   : INFO
TITLE   : Consultar estado
IP      : 186.23.22.56
METHOD  : POST
URI     : /ontheball/estado.php
MEMORY  : 2 MB
--------------------------------------------------------------------------------
================================================================================

================================================================================
DATE    : 2026-07-24 11:37:22
LEVEL   : INFO
TITLE   : Consultar estado
IP      : 186.23.22.56
METHOD  : POST
URI     : /ontheball/estado.php
MEMORY  : 2 MB
--------------------------------------------------------------------------------
================================================================================

================================================================================
DATE    : 2026-07-24 11:37:42
LEVEL   : INFO
TITLE   : Consultar estado
IP      : 186.23.22.56
METHOD  : POST
URI     : /ontheball/estado.php
MEMORY  : 2 MB
--------------------------------------------------------------------------------
================================================================================

================================================================================
DATE    : 2026-07-24 11:37:47
LEVEL   : INFO
TITLE   : Consultar estado
IP      : 186.23.22.56
METHOD  : POST
URI     : /ontheball/estado.php
MEMORY  : 2 MB
--------------------------------------------------------------------------------
================================================================================

================================================================================
DATE    : 2026-07-24 11:38:12
LEVEL   : INFO
TITLE   : Consultar estado
IP      : 186.23.22.56
METHOD  : POST
URI     : /ontheball/estado.php
MEMORY  : 2 MB
--------------------------------------------------------------------------------
================================================================================

================================================================================
DATE    : 2026-07-24 11:38:18
LEVEL   : JSON
TITLE   : POST recibido
IP      : 186.23.22.56
METHOD  : POST
URI     : /ontheball/guardar.php
MEMORY  : 2 MB
--------------------------------------------------------------------------------
{
    "evento": "WEBAPP_OPEN",
    "telegram": {
        "id": 662767623,
        "username": "PerezDamian",
        "first_name": "Damián"
    },
    "app": {
        "platform": "tdesktop",
        "version": "9.6"
    }
}
================================================================================

================================================================================
DATE    : 2026-07-24 11:38:37
LEVEL   : INFO
TITLE   : Consultar estado
IP      : 186.23.22.56
METHOD  : POST
URI     : /ontheball/estado.php
MEMORY  : 2 MB
--------------------------------------------------------------------------------
================================================================================

================================================================================
DATE    : 2026-07-24 11:38:43
LEVEL   : INFO
TITLE   : Consultar estado
IP      : 186.23.22.56
METHOD  : POST
URI     : /ontheball/estado.php
MEMORY  : 2 MB
--------------------------------------------------------------------------------
================================================================================

================================================================================
DATE    : 2026-07-24 11:39:02
LEVEL   : INFO
TITLE   : Consultar estado
IP      : 186.23.22.56
METHOD  : POST
URI     : /ontheball/estado.php
MEMORY  : 2 MB
--------------------------------------------------------------------------------
================================================================================

================================================================================
DATE    : 2026-07-24 11:39:08
LEVEL   : INFO
TITLE   : Consultar estado
IP      : 186.23.22.56
METHOD  : POST
URI     : /ontheball/estado.php
MEMORY  : 2 MB
--------------------------------------------------------------------------------
================================================================================

================================================================================
DATE    : 2026-07-24 11:39:27
LEVEL   : INFO
TITLE   : Consultar estado
IP      : 186.23.22.56
METHOD  : POST
URI     : /ontheball/estado.php
MEMORY  : 2 MB
--------------------------------------------------------------------------------
================================================================================

================================================================================
DATE    : 2026-07-24 11:39:33
LEVEL   : INFO
TITLE   : Consultar estado
IP      : 186.23.22.56
METHOD  : POST
URI     : /ontheball/estado.php
MEMORY  : 2 MB
--------------------------------------------------------------------------------
================================================================================

================================================================================
DATE    : 2026-07-24 11:39:52
LEVEL   : INFO
TITLE   : Consultar estado
IP      : 186.23.22.56
METHOD  : POST
URI     : /ontheball/estado.php
MEMORY  : 2 MB
--------------------------------------------------------------------------------
================================================================================

================================================================================
DATE    : 2026-07-24 11:39:58
LEVEL   : INFO
TITLE   : Consultar estado
IP      : 186.23.22.56
METHOD  : POST
URI     : /ontheball/estado.php
MEMORY  : 2 MB
--------------------------------------------------------------------------------
================================================================================

================================================================================
DATE    : 2026-07-24 11:40:17
LEVEL   : INFO
TITLE   : Consultar estado
IP      : 186.23.22.56
METHOD  : POST
URI     : /ontheball/estado.php
MEMORY  : 2 MB
--------------------------------------------------------------------------------
================================================================================

================================================================================
DATE    : 2026-07-24 11:40:23
LEVEL   : INFO
TITLE   : Consultar estado
IP      : 186.23.22.56
METHOD  : POST
URI     : /ontheball/estado.php
MEMORY  : 2 MB
--------------------------------------------------------------------------------
================================================================================

================================================================================
DATE    : 2026-07-24 11:40:42
LEVEL   : INFO
TITLE   : Consultar estado
IP      : 186.23.22.56
METHOD  : POST
URI     : /ontheball/estado.php
MEMORY  : 2 MB
--------------------------------------------------------------------------------
================================================================================

================================================================================
DATE    : 2026-07-24 11:40:48
LEVEL   : INFO
TITLE   : Consultar estado
IP      : 186.23.22.56
METHOD  : POST
URI     : /ontheball/estado.php
MEMORY  : 2 MB
--------------------------------------------------------------------------------
================================================================================

================================================================================
DATE    : 2026-07-24 11:40:55
LEVEL   : INFO
TITLE   : Consultar estado
IP      : 186.23.22.56
METHOD  : POST
URI     : /ontheball/estado.php
MEMORY  : 2 MB
--------------------------------------------------------------------------------
================================================================================

================================================================================
DATE    : 2026-07-24 11:41:07
LEVEL   : INFO
TITLE   : Consultar estado
IP      : 186.23.22.56
METHOD  : POST
URI     : /ontheball/estado.php
MEMORY  : 2 MB
--------------------------------------------------------------------------------
================================================================================

================================================================================
DATE    : 2026-07-24 11:41:13
LEVEL   : INFO
TITLE   : Consultar estado
IP      : 186.23.22.56
METHOD  : POST
URI     : /ontheball/estado.php
MEMORY  : 2 MB
--------------------------------------------------------------------------------
================================================================================

================================================================================
DATE    : 2026-07-24 11:41:32
LEVEL   : INFO
TITLE   : Consultar estado
IP      : 186.23.22.56
METHOD  : POST
URI     : /ontheball/estado.php
MEMORY  : 2 MB
--------------------------------------------------------------------------------
================================================================================

================================================================================
DATE    : 2026-07-24 11:41:39
LEVEL   : INFO
TITLE   : Consultar estado
IP      : 186.23.22.56
METHOD  : POST
URI     : /ontheball/estado.php
MEMORY  : 2 MB
--------------------------------------------------------------------------------
================================================================================

================================================================================
DATE    : 2026-07-24 11:41:57
LEVEL   : INFO
TITLE   : Consultar estado
IP      : 186.23.22.56
METHOD  : POST
URI     : /ontheball/estado.php
MEMORY  : 2 MB
--------------------------------------------------------------------------------
================================================================================

================================================================================
DATE    : 2026-07-24 11:42:03
LEVEL   : INFO
TITLE   : Consultar estado
IP      : 186.23.22.56
METHOD  : POST
URI     : /ontheball/estado.php
MEMORY  : 2 MB
--------------------------------------------------------------------------------
================================================================================

================================================================================
DATE    : 2026-07-24 11:42:22
LEVEL   : INFO
TITLE   : Consultar estado
IP      : 186.23.22.56
METHOD  : POST
URI     : /ontheball/estado.php
MEMORY  : 2 MB
--------------------------------------------------------------------------------
================================================================================

================================================================================
DATE    : 2026-07-24 11:42:28
LEVEL   : INFO
TITLE   : Consultar estado
IP      : 186.23.22.56
METHOD  : POST
URI     : /ontheball/estado.php
MEMORY  : 2 MB
--------------------------------------------------------------------------------
================================================================================

================================================================================
DATE    : 2026-07-24 11:42:47
LEVEL   : INFO
TITLE   : Consultar estado
IP      : 186.23.22.56
METHOD  : POST
URI     : /ontheball/estado.php
MEMORY  : 2 MB
--------------------------------------------------------------------------------
================================================================================

================================================================================
DATE    : 2026-07-24 11:42:53
LEVEL   : INFO
TITLE   : Consultar estado
IP      : 186.23.22.56
METHOD  : POST
URI     : /ontheball/estado.php
MEMORY  : 2 MB
--------------------------------------------------------------------------------
================================================================================

================================================================================
DATE    : 2026-07-24 11:43:12
LEVEL   : INFO
TITLE   : Consultar estado
IP      : 186.23.22.56
METHOD  : POST
URI     : /ontheball/estado.php
MEMORY  : 2 MB
--------------------------------------------------------------------------------
================================================================================

================================================================================
DATE    : 2026-07-24 11:43:18
LEVEL   : INFO
TITLE   : Consultar estado
IP      : 186.23.22.56
METHOD  : POST
URI     : /ontheball/estado.php
MEMORY  : 2 MB
--------------------------------------------------------------------------------
================================================================================

================================================================================
DATE    : 2026-07-24 11:43:37
LEVEL   : INFO
TITLE   : Consultar estado
IP      : 186.23.22.56
METHOD  : POST
URI     : /ontheball/estado.php
MEMORY  : 2 MB
--------------------------------------------------------------------------------
================================================================================

================================================================================
DATE    : 2026-07-24 11:43:43
LEVEL   : INFO
TITLE   : Consultar estado
IP      : 186.23.22.56
METHOD  : POST
URI     : /ontheball/estado.php
MEMORY  : 2 MB
--------------------------------------------------------------------------------
================================================================================

================================================================================
DATE    : 2026-07-24 11:44:02
LEVEL   : INFO
TITLE   : Consultar estado
IP      : 186.23.22.56
METHOD  : POST
URI     : /ontheball/estado.php
MEMORY  : 2 MB
--------------------------------------------------------------------------------
================================================================================

================================================================================
DATE    : 2026-07-24 11:44:08
LEVEL   : INFO
TITLE   : Consultar estado
IP      : 186.23.22.56
METHOD  : POST
URI     : /ontheball/estado.php
MEMORY  : 2 MB
--------------------------------------------------------------------------------
================================================================================

================================================================================
DATE    : 2026-07-24 11:44:27
LEVEL   : INFO
TITLE   : Consultar estado
IP      : 186.23.22.56
METHOD  : POST
URI     : /ontheball/estado.php
MEMORY  : 2 MB
--------------------------------------------------------------------------------
================================================================================

================================================================================
DATE    : 2026-07-24 11:44:33
LEVEL   : INFO
TITLE   : Consultar estado
IP      : 186.23.22.56
METHOD  : POST
URI     : /ontheball/estado.php
MEMORY  : 2 MB
--------------------------------------------------------------------------------
================================================================================

================================================================================
DATE    : 2026-07-24 11:44:52
LEVEL   : INFO
TITLE   : Consultar estado
IP      : 186.23.22.56
METHOD  : POST
URI     : /ontheball/estado.php
MEMORY  : 2 MB
--------------------------------------------------------------------------------
================================================================================

================================================================================
DATE    : 2026-07-24 11:44:58
LEVEL   : INFO
TITLE   : Consultar estado
IP      : 186.23.22.56
METHOD  : POST
URI     : /ontheball/estado.php
MEMORY  : 2 MB
--------------------------------------------------------------------------------
================================================================================

================================================================================
DATE    : 2026-07-24 11:45:17
LEVEL   : INFO
TITLE   : Consultar estado
IP      : 186.23.22.56
METHOD  : POST
URI     : /ontheball/estado.php
MEMORY  : 2 MB
--------------------------------------------------------------------------------
================================================================================

================================================================================
DATE    : 2026-07-24 11:45:23
LEVEL   : INFO
TITLE   : Consultar estado
IP      : 186.23.22.56
METHOD  : POST
URI     : /ontheball/estado.php
MEMORY  : 2 MB
--------------------------------------------------------------------------------
================================================================================

================================================================================
DATE    : 2026-07-24 11:45:42
LEVEL   : INFO
TITLE   : Consultar estado
IP      : 186.23.22.56
METHOD  : POST
URI     : /ontheball/estado.php
MEMORY  : 2 MB
--------------------------------------------------------------------------------
================================================================================

================================================================================
DATE    : 2026-07-24 11:45:48
LEVEL   : INFO
TITLE   : Consultar estado
IP      : 186.23.22.56
METHOD  : POST
URI     : /ontheball/estado.php
MEMORY  : 2 MB
--------------------------------------------------------------------------------
================================================================================

================================================================================
DATE    : 2026-07-24 11:46:07
LEVEL   : INFO
TITLE   : Consultar estado
IP      : 186.23.22.56
METHOD  : POST
URI     : /ontheball/estado.php
MEMORY  : 2 MB
--------------------------------------------------------------------------------
================================================================================

================================================================================
DATE    : 2026-07-24 11:46:13
LEVEL   : INFO
TITLE   : Consultar estado
IP      : 186.23.22.56
METHOD  : POST
URI     : /ontheball/estado.php
MEMORY  : 2 MB
--------------------------------------------------------------------------------
================================================================================

================================================================================
DATE    : 2026-07-24 11:46:32
LEVEL   : INFO
TITLE   : Consultar estado
IP      : 186.23.22.56
METHOD  : POST
URI     : /ontheball/estado.php
MEMORY  : 2 MB
--------------------------------------------------------------------------------
================================================================================

================================================================================
DATE    : 2026-07-24 11:46:38
LEVEL   : INFO
TITLE   : Consultar estado
IP      : 186.23.22.56
METHOD  : POST
URI     : /ontheball/estado.php
MEMORY  : 2 MB
--------------------------------------------------------------------------------
================================================================================

================================================================================
DATE    : 2026-07-24 11:46:58
LEVEL   : INFO
TITLE   : Consultar estado
IP      : 186.23.22.56
METHOD  : POST
URI     : /ontheball/estado.php
MEMORY  : 2 MB
--------------------------------------------------------------------------------
================================================================================

================================================================================
DATE    : 2026-07-27 12:11:22
LEVEL   : JSON
TITLE   : POST recibido
IP      : 186.23.22.56
METHOD  : POST
URI     : /ontheball/guardar.php
MEMORY  : 2 MB
--------------------------------------------------------------------------------
{
    "evento": "WEBAPP_OPEN",
    "telegram": {
        "id": null,
        "username": null,
        "first_name": null
    },
    "app": {
        "platform": "tdesktop",
        "version": "9.6"
    }
}
================================================================================

================================================================================
DATE    : 2026-07-27 12:17:25
LEVEL   : JSON
TITLE   : POST recibido
IP      : 186.23.22.56
METHOD  : POST
URI     : /ontheball/guardar.php
MEMORY  : 2 MB
--------------------------------------------------------------------------------
{
    "evento": "WEBAPP_OPEN",
    "telegram": {
        "id": null,
        "username": null,
        "first_name": null
    },
    "app": {
        "platform": "tdesktop",
        "version": "9.6"
    }
}
================================================================================
